// Jest Snapshot v1, https://goo.gl/fbAQLP

exports[`App should render correctly 1`] = `
<div
  className="App"
>
  <WithStyles(Header) />
  <BrowserRouter>
    <div>
      <Route
        exact={true}
        path="/"
        render={[Function]}
      />
      <Route
        component={[Function]}
        exact={true}
        path="/students"
      />
      <Route
        component={[Function]}
        exact={true}
        path="/students/create"
      />
      <Route
        component={[Function]}
        exact={true}
        path="/students/:id/edit"
      />
    </div>
  </BrowserRouter>
</div>
`;
